
> memoi0edocument@0.1.0 build
> next build

  Ôû▓ Next.js 14.2.35

   Creating an optimized production build ...
node.exe : <w> [webpack
.cache.PackFileCacheStr
ategy] Skipped not 
serializable cache 
item 'Compilation/modul
es|C:\Users\coche\OneDr
ive\Desktop\Perso\porto
\memoi0edocument\node_m
odules\next\dist\build\
webpack\loaders\css-loa
der\src\index.js??ruleS
et[1].rules[14].oneOf[1
2].use[2]!C:\Users\coch
e\OneDrive\Desktop\Pers
o\porto\memoi0edocument
\node_modules\next\dist
\build\webpack\loaders\
postcss-loader\src\inde
x.js??ruleSet[1].rules[
14].oneOf[12].use[3]!C:
\Users\coche\OneDrive\D
esktop\Perso\porto\memo
i0edocument\app\globals
.css': No serializer 
registered for 
PostCSSSyntaxError
At C:\Program Files\nod
ejs\npm.ps1:29 char:3
+   & $NODE_EXE 
$NPM_CLI_JS $args
+   ~~~~~~~~~~~~~~~~~~~
~~~~~~~~~~
    + CategoryInfo     
         : NotSpecifi  
  ed: (<w> [webpack.   
 ca...tCSSSyntaxErr    
or:String) [], Rem    
oteException
    + FullyQualifiedEr 
   rorId : NativeComm  
  andError
 
<w> while serializing w
ebpack/lib/cache/PackFi
leCacheStrategy.PackCon
tentItems -> webpack/li
b/NormalModule -> webpa
ck/lib/ModuleBuildError
 -> PostCSSSyntaxError
Failed to compile.

./app/globals.css:69:5
Syntax error: C:\Users\
coche\OneDrive\Desktop\
Perso\porto\memoi0edocu
ment\app\globals.css 
The `shadow-[0_8px_32px
_0_rgba(0,` class does 
not exist. If `shadow-[
0_8px_32px_0_rgba(0,` 
is a custom class, 
make sure it is 
defined within a 
`@layer` directive.

 [90m 67 | 
[39m[36m@layer[39m 
utilities [33m{[39m
 [90m 68 | [39m  
[33m.glass[39m 
[33m{[39m
[1m[31m>[39m[22m[9
0m 69 | [39m    
[36m@apply[39m bg-[3
3m[[39m[35m#0f0a29[3
9m[33m][39m/40 
backdrop-blur-xl 
border border-white/[3
3m[[39m0.08[33m][39m
 shadow-[33m[[39m[36
m0_8px_32px_0_rgba[39m
[36m(0, 0, 0, 0.5)[39
m[33m][39m[33m;[39m
 [90m    | [39m    
[1m[31m^[39m[22m
 [90m 70 | [39m  
[33m}[39m
 [90m 71 | [39m

./app/globals.css
Syntax error: C:\Users\
coche\OneDrive\Desktop\
Perso\porto\memoi0edocu
ment\app\globals.css 
The `shadow-[0_8px_32px
_0_rgba(0,` class does 
not exist. If `shadow-[
0_8px_32px_0_rgba(0,` 
is a custom class, 
make sure it is 
defined within a 
`@layer` directive. 
(69:5)

 [90m 67 | 
[39m[36m@layer[39m 
utilities [33m{[39m
 [90m 68 | [39m  
[33m.glass[39m 
[33m{[39m
[1m[31m>[39m[22m[9
0m 69 | [39m    
[36m@apply[39m bg-[3
3m[[39m[35m#0f0a29[3
9m[33m][39m/40 
backdrop-blur-xl 
border border-white/[3
3m[[39m0.08[33m][39m
 shadow-[33m[[39m[36
m0_8px_32px_0_rgba[39m
[36m(0, 0, 0, 0.5)[39
m[33m][39m[33m;[39m
 [90m    | [39m    
[1m[31m^[39m[22m
 [90m 70 | [39m  
[33m}[39m
 [90m 71 | [39m

    at 
tryRunOrWebpackError (C
:\Users\coche\OneDrive\
Desktop\Perso\porto\mem
oi0edocument\node_modul
es\next\dist\compiled\w
ebpack\bundle5.js:28:31
2989)
    at __webpack_requir
e_module__ (C:\Users\co
che\OneDrive\Desktop\Pe
rso\porto\memoi0edocume
nt\node_modules\next\di
st\compiled\webpack\bun
dle5.js:28:131165)
    at __nested_webpack
_require_153728__ (C:\U
sers\coche\OneDrive\Des
ktop\Perso\porto\memoi0
edocument\node_modules\
next\dist\compiled\webp
ack\bundle5.js:28:13060
7)
    at C:\Users\coche\O
neDrive\Desktop\Perso\p
orto\memoi0edocument\no
de_modules\next\dist\co
mpiled\webpack\bundle5.
js:28:131454
    at symbolIterator (
C:\Users\coche\OneDrive
\Desktop\Perso\porto\me
moi0edocument\node_modu
les\next\dist\compiled\
neo-async\async.js:1:14
444)
    at done (C:\Users\c
oche\OneDrive\Desktop\P
erso\porto\memoi0edocum
ent\node_modules\next\d
ist\compiled\neo-async\
async.js:1:14824)
    at Hook.eval [as 
callAsync] (eval at 
create (C:\Users\coche\
OneDrive\Desktop\Perso\
porto\memoi0edocument\n
ode_modules\next\dist\c
ompiled\webpack\bundle5
.js:13:28858), 
<anonymous>:15:1)
    at Hook.CALL_ASYNC_
DELEGATE [as 
_callAsync] (C:\Users\c
oche\OneDrive\Desktop\P
erso\porto\memoi0edocum
ent\node_modules\next\d
ist\compiled\webpack\bu
ndle5.js:13:26012)
    at C:\Users\coche\O
neDrive\Desktop\Perso\p
orto\memoi0edocument\no
de_modules\next\dist\co
mpiled\webpack\bundle5.
js:28:130328
    at symbolIterator (
C:\Users\coche\OneDrive
\Desktop\Perso\porto\me
moi0edocument\node_modu
les\next\dist\compiled\
neo-async\async.js:1:14
402)
-- inner error --
Syntax error: C:\Users\
coche\OneDrive\Desktop\
Perso\porto\memoi0edocu
ment\app\globals.css 
The `shadow-[0_8px_32px
_0_rgba(0,` class does 
not exist. If `shadow-[
0_8px_32px_0_rgba(0,` 
is a custom class, 
make sure it is 
defined within a 
`@layer` directive. 
(69:5)

 [90m 67 | 
[39m[36m@layer[39m 
utilities [33m{[39m
 [90m 68 | [39m  
[33m.glass[39m 
[33m{[39m
[1m[31m>[39m[22m[9
0m 69 | [39m    
[36m@apply[39m bg-[3
3m[[39m[35m#0f0a29[3
9m[33m][39m/40 
backdrop-blur-xl 
border border-white/[3
3m[[39m0.08[33m][39m
 shadow-[33m[[39m[36
m0_8px_32px_0_rgba[39m
[36m(0, 0, 0, 0.5)[39
m[33m][39m[33m;[39m
 [90m    | [39m    
[1m[31m^[39m[22m
 [90m 70 | [39m  
[33m}[39m
 [90m 71 | [39m

    at 
Object.<anonymous> (C:\
Users\coche\OneDrive\De
sktop\Perso\porto\memoi
0edocument\node_modules
\next\dist\build\webpac
k\loaders\css-loader\sr
c\index.js??ruleSet[1].
rules[14].oneOf[12].use
[2]!C:\Users\coche\OneD
rive\Desktop\Perso\port
o\memoi0edocument\node_
modules\next\dist\build
\webpack\loaders\postcs
s-loader\src\index.js??
ruleSet[1].rules[14].on
eOf[12].use[3]!C:\Users
\coche\OneDrive\Desktop
\Perso\porto\memoi0edoc
ument\app\globals.css:1
:7)
    at C:\Users\coche\O
neDrive\Desktop\Perso\p
orto\memoi0edocument\no
de_modules\next\dist\co
mpiled\webpack\bundle5.
js:28:922493
    at Hook.eval [as 
call] (eval at create (
C:\Users\coche\OneDrive
\Desktop\Perso\porto\me
moi0edocument\node_modu
les\next\dist\compiled\
webpack\bundle5.js:13:2
8636), <anonymous>:7:1)
    at 
Hook.CALL_DELEGATE [as 
_call] (C:\Users\coche\
OneDrive\Desktop\Perso\
porto\memoi0edocument\n
ode_modules\next\dist\c
ompiled\webpack\bundle5
.js:13:25906)
    at C:\Users\coche\O
neDrive\Desktop\Perso\p
orto\memoi0edocument\no
de_modules\next\dist\co
mpiled\webpack\bundle5.
js:28:131198
    at 
tryRunOrWebpackError (C
:\Users\coche\OneDrive\
Desktop\Perso\porto\mem
oi0edocument\node_modul
es\next\dist\compiled\w
ebpack\bundle5.js:28:31
2943)
    at __webpack_requir
e_module__ (C:\Users\co
che\OneDrive\Desktop\Pe
rso\porto\memoi0edocume
nt\node_modules\next\di
st\compiled\webpack\bun
dle5.js:28:131165)
    at __nested_webpack
_require_153728__ (C:\U
sers\coche\OneDrive\Des
ktop\Perso\porto\memoi0
edocument\node_modules\
next\dist\compiled\webp
ack\bundle5.js:28:13060
7)
    at C:\Users\coche\O
neDrive\Desktop\Perso\p
orto\memoi0edocument\no
de_modules\next\dist\co
mpiled\webpack\bundle5.
js:28:131454
    at symbolIterator (
C:\Users\coche\OneDrive
\Desktop\Perso\porto\me
moi0edocument\node_modu
les\next\dist\compiled\
neo-async\async.js:1:14
444)

Generated code for C:\U
sers\coche\OneDrive\Des
ktop\Perso\porto\memoi0
edocument\node_modules\
next\dist\build\webpack
\loaders\css-loader\src
\index.js??ruleSet[1].r
ules[14].oneOf[12].use[
2]!C:\Users\coche\OneDr
ive\Desktop\Perso\porto
\memoi0edocument\node_m
odules\next\dist\build\
webpack\loaders\postcss
-loader\src\index.js??r
uleSet[1].rules[14].one
Of[12].use[3]!C:\Users\
coche\OneDrive\Desktop\
Perso\porto\memoi0edocu
ment\app\globals.css

Import trace for 
requested module:
./app/globals.css


> Build failed because 
of webpack errors
